// Jest Snapshot v1, https://goo.gl/fbAQLP

exports[`Cart should match snapshot 1`] = `
<div>
  <div
    class="cart-div"
  >
    <h1>
      Your Basket(
      5
      item(s))
    </h1>
    <div>
      <table
        border="1"
        class="cart-table"
      >
        <thead>
          <tr
            class="cart-table-header"
          >
            <th>
              ITEM DESCRIPTION
            </th>
            <th>
              UNIT PRICE
            </th>
            <th>
              QUANTITY
            </th>
            <th>
              SUBTOTAL
            </th>
          </tr>
        </thead>
      </table>
    </div>
    <div
      class="cart-button"
    >
      <button
        type="button"
      >
        <a
          href="/"
          style="text-decoration: none; color: black;"
        >
          CONTINUE SHOPPING
        </a>
      </button>
      <div
        class="checkout"
      >
        <div>
          <p>
            TOTAL
          </p>
          <p>
            Rs.
            0
          </p>
        </div>
        <hr />
        <button
          type="button"
        >
          <a
            href="/checkout"
            style="text-decoration: none; color: black;"
          >
            CHECKOUT
          </a>
        </button>
      </div>
    </div>
  </div>
</div>
`;
